2026-05-18 14:23:57,190 [MainThread] INFO === archive_debug.log file handler attached at C:\Users\pinup\Desktop\Capstone 2\System\DriveSafe\backend\archive_debug.log ===
2026-05-18 14:25:48,172 [Thread-2 (process_request_thread)] INFO ArchivalEngine Master v25 Initialized (Raw Byte Pipeline)
2026-05-18 14:25:51,151 [Thread-3 (process_request_thread)] INFO ArchivalEngine Master v25 Initialized (Raw Byte Pipeline)
2026-05-18 14:25:51,774 [Thread-4 (process_request_thread)] INFO ArchivalEngine Master v25 Initialized (Raw Byte Pipeline)
2026-05-18 14:25:53,858 [Thread-5 (process_request_thread)] INFO ArchivalEngine Master v25 Initialized (Raw Byte Pipeline)
2026-05-18 14:26:09,737 [Thread-6 (process_request_thread)] INFO ArchivalEngine Master v25 Initialized (Raw Byte Pipeline)
2026-05-18 14:26:10,881 [Thread-7 (process_task)] INFO ArchivalEngine Master v25 Initialized (Raw Byte Pipeline)
2026-05-18 14:26:10,917 [Thread-7 (process_task)] INFO    [FAST-PATH] No prior record for 2425-sem2-it332-g1/g2/g3/g4/g5/g6-07@csit_docs; skipping all dedup tiers (v1 cold archive).
2026-05-18 14:26:12,195 [dsdoc_2] INFO [TEACHER] ARCHIVING: Document (mime=unknown, native=True)
2026-05-18 14:26:12,198 [Thread-8 (process_request_thread)] INFO ArchivalEngine Master v25 Initialized (Raw Byte Pipeline)
2026-05-18 14:26:12,709 [dsdoc_3] INFO [TEACHER] ARCHIVING: STD_2425-sem2-it332-g1/g2/g3/g4/g5/g6-07.docx (mime=application/vnd.openxmlformats-officedocument.wordprocessingml.document, native=True)
2026-05-18 14:26:14,524 [dsdoc_0] INFO [TEACHER] ARCHIVING: SRS_2425-sem2-it332-g1/g2/g3/g4/g5/g6-07.docx (mime=application/vnd.openxmlformats-officedocument.wordprocessingml.document, native=True)
2026-05-18 14:26:15,436 [Thread-9 (process_request_thread)] INFO ArchivalEngine Master v25 Initialized (Raw Byte Pipeline)
2026-05-18 14:26:20,897 [Thread-10 (process_request_thread)] INFO ArchivalEngine Master v25 Initialized (Raw Byte Pipeline)
2026-05-18 14:26:25,333 [Thread-11 (process_request_thread)] INFO ArchivalEngine Master v25 Initialized (Raw Byte Pipeline)
2026-05-18 14:26:30,709 [Thread-12 (process_request_thread)] INFO ArchivalEngine Master v25 Initialized (Raw Byte Pipeline)
2026-05-18 14:26:35,097 [Thread-13 (process_request_thread)] INFO ArchivalEngine Master v25 Initialized (Raw Byte Pipeline)
2026-05-18 14:26:40,412 [Thread-14 (process_request_thread)] INFO ArchivalEngine Master v25 Initialized (Raw Byte Pipeline)
2026-05-18 14:26:45,474 [Thread-15 (process_request_thread)] INFO ArchivalEngine Master v25 Initialized (Raw Byte Pipeline)
2026-05-18 14:26:50,196 [Thread-16 (process_request_thread)] INFO ArchivalEngine Master v25 Initialized (Raw Byte Pipeline)
2026-05-18 14:26:55,102 [Thread-17 (process_request_thread)] INFO ArchivalEngine Master v25 Initialized (Raw Byte Pipeline)
2026-05-18 14:27:00,640 [Thread-18 (process_request_thread)] INFO ArchivalEngine Master v25 Initialized (Raw Byte Pipeline)
2026-05-18 14:27:05,242 [Thread-19 (process_request_thread)] INFO ArchivalEngine Master v25 Initialized (Raw Byte Pipeline)
2026-05-18 14:27:09,869 [Thread-20 (process_request_thread)] INFO ArchivalEngine Master v25 Initialized (Raw Byte Pipeline)
2026-05-18 14:27:15,183 [Thread-21 (process_request_thread)] INFO ArchivalEngine Master v25 Initialized (Raw Byte Pipeline)
2026-05-18 14:27:19,970 [Thread-22 (process_request_thread)] INFO ArchivalEngine Master v25 Initialized (Raw Byte Pipeline)
2026-05-18 14:27:21,370 [dsdoc_1] INFO [TEACHER] ARCHIVING: Document (mime=unknown, native=True)
2026-05-18 14:27:22,125 [dsdoc_3] INFO [TEACHER] ARCHIVING: README_2425-sem2-it332-g1/g2/g3/g4/g5/g6-07.pdf (mime=application/pdf, native=False)
2026-05-18 14:27:24,783 [Thread-23 (process_request_thread)] INFO ArchivalEngine Master v25 Initialized (Raw Byte Pipeline)
2026-05-18 14:27:29,414 [Thread-24 (process_request_thread)] INFO ArchivalEngine Master v25 Initialized (Raw Byte Pipeline)
2026-05-18 14:27:36,083 [Thread-25 (process_request_thread)] INFO ArchivalEngine Master v25 Initialized (Raw Byte Pipeline)
2026-05-18 14:27:39,377 [Thread-26 (process_request_thread)] INFO ArchivalEngine Master v25 Initialized (Raw Byte Pipeline)
2026-05-18 14:27:39,405 [Thread-7 (process_task)] INFO    [PARALLEL] processed 11 doc slot(s) in 88.5s
2026-05-18 14:27:39,405 [Thread-7 (process_task)] WARNING    [V-BUMP] total_changed=5, changed_docs=['srs', 'sdd', 'spmp', 'std', 'readme'], backfilled=0 -- creating v1
2026-05-18 14:27:47,402 [Thread-28 (process_request_thread)] INFO ArchivalEngine Master v25 Initialized (Raw Byte Pipeline)
2026-05-18 14:27:52,070 [Thread-30 (process_request_thread)] INFO ArchivalEngine Master v25 Initialized (Raw Byte Pipeline)
2026-05-18 14:28:04,724 [Thread-39 (process_request_thread)] INFO ArchivalEngine Master v25 Initialized (Raw Byte Pipeline)
2026-05-18 14:28:08,229 [Thread-40 (process_request_thread)] INFO ArchivalEngine Master v25 Initialized (Raw Byte Pipeline)
2026-05-18 14:28:13,157 [Thread-41 (process_request_thread)] INFO ArchivalEngine Master v25 Initialized (Raw Byte Pipeline)
2026-05-18 14:28:19,469 [Thread-42 (process_request_thread)] INFO ArchivalEngine Master v25 Initialized (Raw Byte Pipeline)
2026-05-18 14:28:19,517 [Thread-43 (process_request_thread)] INFO ArchivalEngine Master v25 Initialized (Raw Byte Pipeline)
2026-05-18 14:28:21,174 [Thread-44 (process_request_thread)] INFO ArchivalEngine Master v25 Initialized (Raw Byte Pipeline)
2026-05-18 14:28:23,730 [Thread-45 (process_request_thread)] INFO ArchivalEngine Master v25 Initialized (Raw Byte Pipeline)
2026-05-18 14:28:33,915 [Thread-46 (process_request_thread)] INFO ArchivalEngine Master v25 Initialized (Raw Byte Pipeline)
2026-05-18 14:28:35,554 [Thread-47 (process_task)] INFO ArchivalEngine Master v25 Initialized (Raw Byte Pipeline)
2026-05-18 14:28:35,598 [Thread-47 (process_task)] WARNING    [LOCK-HIT FALLBACK] No record for key='2425-sem2-it332-g1/g2/g3/g4/g5/g6-07@srs', but Drive-link match found in row id=188 (project_id='2425-sem2-it332-g1/g2/g3/g4/g5/g6-07', academic_year='csit_docs', v=1). Treating as same project to prevent cross-sheet duplication.
2026-05-18 14:28:36,266 [Thread-48 (process_request_thread)] INFO ArchivalEngine Master v25 Initialized (Raw Byte Pipeline)
2026-05-18 14:28:36,722 [dsdoc_0] INFO    [DEDUP-HIT T0] SRS: Drive modifiedTime (2025-12-15T17:14:10.248Z) <= archived_at (2026-05-18 06:27:39) -- file untouched since v1, skipping download.
2026-05-18 14:28:36,726 [Thread-47 (process_task)] INFO    [PARALLEL] processed 11 doc slot(s) in 1.1s
2026-05-18 14:28:38,933 [Thread-49 (process_request_thread)] INFO ArchivalEngine Master v25 Initialized (Raw Byte Pipeline)
2026-05-18 14:28:43,794 [Thread-51 (process_request_thread)] INFO ArchivalEngine Master v25 Initialized (Raw Byte Pipeline)
2026-05-18 14:28:47,448 [Thread-53 (process_request_thread)] INFO ArchivalEngine Master v25 Initialized (Raw Byte Pipeline)
2026-05-18 14:29:30,685 [Thread-80 (process_request_thread)] INFO ArchivalEngine Master v25 Initialized (Raw Byte Pipeline)
2026-05-18 14:29:34,433 [Thread-82 (process_request_thread)] INFO ArchivalEngine Master v25 Initialized (Raw Byte Pipeline)
2026-05-18 14:29:42,675 [Thread-83 (process_request_thread)] INFO ArchivalEngine Master v25 Initialized (Raw Byte Pipeline)
2026-05-18 14:29:45,179 [Thread-85 (process_request_thread)] INFO ArchivalEngine Master v25 Initialized (Raw Byte Pipeline)
2026-05-18 14:29:45,183 [Thread-84 (process_request_thread)] INFO ArchivalEngine Master v25 Initialized (Raw Byte Pipeline)
2026-05-18 14:29:46,814 [Thread-86 (process_request_thread)] INFO ArchivalEngine Master v25 Initialized (Raw Byte Pipeline)
2026-05-18 14:29:56,026 [Thread-87 (process_request_thread)] INFO ArchivalEngine Master v25 Initialized (Raw Byte Pipeline)
2026-05-18 14:30:04,838 [Thread-88 (process_request_thread)] INFO ArchivalEngine Master v25 Initialized (Raw Byte Pipeline)
2026-05-18 14:30:07,195 [Thread-89 (process_task)] INFO ArchivalEngine Master v25 Initialized (Raw Byte Pipeline)
2026-05-18 14:30:07,200 [Thread-90 (process_request_thread)] INFO ArchivalEngine Master v25 Initialized (Raw Byte Pipeline)
2026-05-18 14:30:07,231 [Thread-89 (process_task)] INFO    [FAST-PATH] No prior record for 2425-sem2-it332-g1/g2/g3/g4/g5/g6-999@srs; skipping all dedup tiers (v1 cold archive).
2026-05-18 14:30:08,530 [dsdoc_0] INFO [TEACHER] ARCHIVING: TEAM - 16 SRS_Revised.docx (mime=application/vnd.openxmlformats-officedocument.wordprocessingml.document, native=True)
2026-05-18 14:30:10,287 [Thread-91 (process_request_thread)] INFO ArchivalEngine Master v25 Initialized (Raw Byte Pipeline)
2026-05-18 14:30:13,407 [Thread-89 (process_task)] INFO    [PARALLEL] processed 11 doc slot(s) in 6.2s
2026-05-18 14:30:13,407 [Thread-89 (process_task)] WARNING    [V-BUMP] total_changed=1, changed_docs=['srs'], backfilled=0 -- creating v1
2026-05-18 14:30:14,877 [Thread-92 (process_request_thread)] INFO ArchivalEngine Master v25 Initialized (Raw Byte Pipeline)
2026-05-18 14:30:37,197 [Thread-93 (process_request_thread)] INFO ArchivalEngine Master v25 Initialized (Raw Byte Pipeline)
2026-05-18 14:30:39,331 [Thread-95 (process_request_thread)] INFO ArchivalEngine Master v25 Initialized (Raw Byte Pipeline)
2026-05-18 14:30:39,348 [Thread-94 (process_task)] INFO ArchivalEngine Master v25 Initialized (Raw Byte Pipeline)
2026-05-18 14:30:39,360 [Thread-94 (process_task)] INFO    [LOCK-HIT] Found prior record for key='2425-sem2-it332-g1/g2/g3/g4/g5/g6-999@srs': v=1, archived_at=2026-05-18 06:30:13, workbook=Capstone2-Sem1-2526
2026-05-18 14:30:40,771 [dsdoc_0] INFO    [DEDUP-HIT T0] SRS: Drive modifiedTime (2026-05-18T06:30:28.260Z) <= archived_at (2026-05-18 06:30:13) -- file untouched since v1, skipping download.
2026-05-18 14:30:40,771 [Thread-94 (process_task)] INFO    [PARALLEL] processed 11 doc slot(s) in 1.4s
2026-05-18 14:30:46,949 [Thread-98 (process_request_thread)] INFO ArchivalEngine Master v25 Initialized (Raw Byte Pipeline)
2026-05-18 14:30:50,319 [Thread-100 (process_request_thread)] INFO ArchivalEngine Master v25 Initialized (Raw Byte Pipeline)
2026-05-18 14:30:51,264 [Thread-96 (process_request_thread)] INFO ArchivalEngine Master v25 Initialized (Raw Byte Pipeline)
2026-05-18 14:31:06,583 [Thread-108 (process_request_thread)] INFO ArchivalEngine Master v25 Initialized (Raw Byte Pipeline)
2026-05-18 14:31:09,857 [Thread-110 (process_request_thread)] INFO ArchivalEngine Master v25 Initialized (Raw Byte Pipeline)
2026-05-18 14:31:28,231 [Thread-111 (process_request_thread)] INFO ArchivalEngine Master v25 Initialized (Raw Byte Pipeline)
2026-05-18 14:31:31,215 [Thread-112 (process_request_thread)] INFO ArchivalEngine Master v25 Initialized (Raw Byte Pipeline)
2026-05-18 14:31:31,264 [Thread-113 (process_request_thread)] INFO ArchivalEngine Master v25 Initialized (Raw Byte Pipeline)
2026-05-18 14:31:32,831 [Thread-114 (process_request_thread)] INFO ArchivalEngine Master v25 Initialized (Raw Byte Pipeline)
2026-05-18 14:31:34,537 [Thread-115 (process_request_thread)] INFO ArchivalEngine Master v25 Initialized (Raw Byte Pipeline)
2026-05-18 14:32:08,913 [Thread-116 (process_request_thread)] INFO ArchivalEngine Master v25 Initialized (Raw Byte Pipeline)
2026-05-18 14:32:11,121 [Thread-117 (process_request_thread)] INFO ArchivalEngine Master v25 Initialized (Raw Byte Pipeline)
2026-05-18 14:32:11,131 [Thread-118 (process_request_thread)] INFO ArchivalEngine Master v25 Initialized (Raw Byte Pipeline)
2026-05-18 14:32:12,571 [Thread-119 (process_request_thread)] INFO ArchivalEngine Master v25 Initialized (Raw Byte Pipeline)
2026-05-18 14:32:14,283 [Thread-120 (process_request_thread)] INFO ArchivalEngine Master v25 Initialized (Raw Byte Pipeline)
2026-05-18 14:32:22,202 [Thread-121 (process_request_thread)] INFO ArchivalEngine Master v25 Initialized (Raw Byte Pipeline)
2026-05-18 14:32:23,904 [Thread-122 (process_task)] INFO ArchivalEngine Master v25 Initialized (Raw Byte Pipeline)
2026-05-18 14:32:23,919 [Thread-122 (process_task)] INFO    [LOCK-HIT] Found prior record for key='2425-sem2-it332-g1/g2/g3/g4/g5/g6-999@srs': v=1, archived_at=2026-05-18 06:30:13, workbook=Capstone2-Sem1-2526
2026-05-18 14:32:24,412 [Thread-123 (process_request_thread)] INFO ArchivalEngine Master v25 Initialized (Raw Byte Pipeline)
2026-05-18 14:32:25,573 [dsdoc_0] INFO    [DEDUP-HIT T0] SRS: Drive modifiedTime (2026-05-18T06:30:28.260Z) <= archived_at (2026-05-18 06:30:13) -- file untouched since v1, skipping download.
2026-05-18 14:32:25,574 [Thread-122 (process_task)] INFO    [PARALLEL] processed 11 doc slot(s) in 1.7s
2026-05-18 14:32:37,140 [Thread-125 (process_request_thread)] INFO ArchivalEngine Master v25 Initialized (Raw Byte Pipeline)
2026-05-18 14:32:39,379 [Thread-127 (process_request_thread)] INFO ArchivalEngine Master v25 Initialized (Raw Byte Pipeline)
2026-05-18 14:34:27,671 [MainThread] INFO === archive_debug.log file handler attached at C:\Users\pinup\Desktop\Capstone 2\System\DriveSafe\backend\archive_debug.log ===
2026-05-18 14:35:29,559 [Thread-3 (process_request_thread)] INFO ArchivalEngine Master v25 Initialized (Raw Byte Pipeline)
2026-05-18 14:35:33,200 [Thread-5 (process_request_thread)] INFO ArchivalEngine Master v25 Initialized (Raw Byte Pipeline)
2026-05-18 14:35:34,405 [Thread-6 (process_request_thread)] INFO ArchivalEngine Master v25 Initialized (Raw Byte Pipeline)
2026-05-18 14:35:36,739 [Thread-7 (process_request_thread)] INFO ArchivalEngine Master v25 Initialized (Raw Byte Pipeline)
2026-05-18 14:35:36,831 [Thread-8 (process_request_thread)] INFO ArchivalEngine Master v25 Initialized (Raw Byte Pipeline)
2026-05-18 14:35:38,461 [Thread-9 (process_request_thread)] INFO ArchivalEngine Master v25 Initialized (Raw Byte Pipeline)
2026-05-18 14:35:44,004 [Thread-10 (process_request_thread)] INFO ArchivalEngine Master v25 Initialized (Raw Byte Pipeline)
2026-05-18 14:35:52,583 [Thread-11 (process_request_thread)] INFO ArchivalEngine Master v25 Initialized (Raw Byte Pipeline)
2026-05-18 14:35:53,918 [Thread-12 (process_task)] INFO ArchivalEngine Master v25 Initialized (Raw Byte Pipeline)
2026-05-18 14:35:53,940 [Thread-12 (process_task)] INFO    [LOCK-HIT] Found prior record for key='2425-sem2-it332-g1/g2/g3/g4/g5/g6-999@srs': v=1, archived_at=2026-05-18 06:30:13, workbook=Capstone2-Sem1-2526
2026-05-18 14:35:54,789 [Thread-13 (process_request_thread)] INFO ArchivalEngine Master v25 Initialized (Raw Byte Pipeline)
2026-05-18 14:35:55,249 [dsdoc_0] INFO    [TIER-0 MISS] SRS: Drive modifiedTime is 50.0s newer than last archive; running full dedup ladder.
2026-05-18 14:35:55,604 [dsdoc_0] INFO [TEACHER] ARCHIVING: TEAM - 16 SRS_Revised.docx (mime=application/vnd.openxmlformats-officedocument.wordprocessingml.document, native=True)
2026-05-18 14:35:57,220 [Thread-14 (process_request_thread)] INFO ArchivalEngine Master v25 Initialized (Raw Byte Pipeline)
2026-05-18 14:36:01,267 [dsdoc_0] INFO    [TIER-1] SRS (content, text_len=5393): old=ab699a0630d67c13..., new=68ccfc6156dcde69..., drive_md5=5c4bf8b251faa0416cfa46bd3798b0fd
2026-05-18 14:36:01,292 [dsdoc_0] INFO    [TIER-3] SRS cosine sim = 0.9992
2026-05-18 14:36:01,293 [dsdoc_0] INFO    [DEDUP-HIT T3] SRS: Soft-Migrating to raw-byte hash on v1
2026-05-18 14:36:01,294 [Thread-12 (process_task)] INFO    [PARALLEL] processed 11 doc slot(s) in 7.3s
2026-05-18 14:36:01,309 [Thread-12 (process_task)] INFO    [BACKFILL/MIGRATE] Saved 1 update(s) to v1 without version bump.
2026-05-18 14:36:03,030 [Thread-15 (process_request_thread)] INFO ArchivalEngine Master v25 Initialized (Raw Byte Pipeline)
2026-05-18 14:36:10,200 [Thread-17 (process_request_thread)] INFO ArchivalEngine Master v25 Initialized (Raw Byte Pipeline)
2026-05-18 14:36:14,215 [Thread-19 (process_request_thread)] INFO ArchivalEngine Master v25 Initialized (Raw Byte Pipeline)
2026-05-18 14:36:46,139 [MainThread] INFO === archive_debug.log file handler attached at C:\Users\pinup\Desktop\Capstone 2\System\DriveSafe\backend\archive_debug.log ===
2026-05-18 14:36:48,009 [MainThread] INFO === archive_debug.log file handler attached at C:\Users\pinup\Desktop\Capstone 2\System\DriveSafe\backend\archive_debug.log ===
2026-05-18 14:39:52,501 [Thread-41 (process_request_thread)] INFO ArchivalEngine Master v25 Initialized (Raw Byte Pipeline)
2026-05-18 14:39:55,583 [Thread-43 (process_request_thread)] INFO ArchivalEngine Master v25 Initialized (Raw Byte Pipeline)
2026-05-18 14:40:02,503 [Thread-44 (process_request_thread)] INFO ArchivalEngine Master v25 Initialized (Raw Byte Pipeline)
2026-05-18 14:40:06,336 [Thread-46 (process_request_thread)] INFO ArchivalEngine Master v25 Initialized (Raw Byte Pipeline)
2026-05-18 14:40:06,336 [Thread-45 (process_request_thread)] INFO ArchivalEngine Master v25 Initialized (Raw Byte Pipeline)
2026-05-18 14:40:07,975 [Thread-47 (process_request_thread)] INFO ArchivalEngine Master v25 Initialized (Raw Byte Pipeline)
2026-05-18 14:40:22,927 [Thread-48 (process_request_thread)] INFO ArchivalEngine Master v25 Initialized (Raw Byte Pipeline)
2026-05-18 14:40:24,356 [Thread-49 (process_task)] INFO ArchivalEngine Master v25 Initialized (Raw Byte Pipeline)
2026-05-18 14:40:24,404 [Thread-49 (process_task)] INFO    [FAST-PATH] No prior record for 2425-sem2-it332-g1/g2/g3/g4/g5/g6-01@csit_docs; skipping all dedup tiers (v1 cold archive).
2026-05-18 14:40:25,377 [Thread-50 (process_request_thread)] INFO ArchivalEngine Master v25 Initialized (Raw Byte Pipeline)
2026-05-18 14:40:26,247 [dsdoc_0] INFO [TEACHER] ARCHIVING: Document (mime=unknown, native=False)
2026-05-18 14:40:26,247 [dsdoc_1] INFO [TEACHER] ARCHIVING: Document (mime=unknown, native=False)
2026-05-18 14:40:26,247 [dsdoc_3] WARNING    [LIST] failed for folder 1OkzUuSGQoodin50sNtt497zICtmqRtGX: [SSL: WRONG_VERSION_NUMBER] wrong version number (_ssl.c:2580)
2026-05-18 14:40:26,821 [dsdoc_2] INFO [TEACHER] ARCHIVING: SPMP_2526-sem1-it332-itcs-01 (mime=application/vnd.google-apps.document, native=True)
2026-05-18 14:40:28,447 [Thread-51 (process_request_thread)] INFO ArchivalEngine Master v25 Initialized (Raw Byte Pipeline)
2026-05-18 14:40:31,620 [dsdoc_1] WARNING    [API] get_media failed for Document: [SSL: WRONG_VERSION_NUMBER] wrong version number (_ssl.c:2580)
2026-05-18 14:41:37,355 [MainThread] INFO === archive_debug.log file handler attached at C:\Users\pinup\Desktop\Capstone 2\System\DriveSafe\backend\archive_debug.log ===
2026-05-18 14:41:40,841 [MainThread] INFO === archive_debug.log file handler attached at C:\Users\pinup\Desktop\Capstone 2\System\DriveSafe\backend\archive_debug.log ===
2026-05-18 14:41:43,833 [Thread-2 (process_request_thread)] INFO ArchivalEngine Master v25 Initialized (Raw Byte Pipeline)
2026-05-18 14:41:47,915 [Thread-3 (process_request_thread)] INFO ArchivalEngine Master v25 Initialized (Raw Byte Pipeline)
2026-05-18 14:41:50,784 [Thread-5 (process_request_thread)] INFO ArchivalEngine Master v25 Initialized (Raw Byte Pipeline)
2026-05-18 14:41:50,791 [Thread-4 (process_request_thread)] INFO ArchivalEngine Master v25 Initialized (Raw Byte Pipeline)
2026-05-18 14:41:52,423 [Thread-6 (process_request_thread)] INFO ArchivalEngine Master v25 Initialized (Raw Byte Pipeline)
2026-05-18 14:42:02,165 [Thread-7 (process_request_thread)] INFO ArchivalEngine Master v25 Initialized (Raw Byte Pipeline)
2026-05-18 14:42:04,506 [Thread-9 (process_request_thread)] INFO ArchivalEngine Master v25 Initialized (Raw Byte Pipeline)
2026-05-18 14:42:04,513 [Thread-8 (process_task)] INFO ArchivalEngine Master v25 Initialized (Raw Byte Pipeline)
2026-05-18 14:42:04,547 [Thread-8 (process_task)] INFO    [FAST-PATH] No prior record for 2425-sem2-it332-g1/g2/g3/g4/g5/g6-01@csit_docs; skipping all dedup tiers (v1 cold archive).
2026-05-18 14:42:06,729 [dsdoc_1] INFO [TEACHER] ARCHIVING: Document (mime=unknown, native=False)
2026-05-18 14:42:06,874 [Thread-10 (process_request_thread)] INFO ArchivalEngine Master v25 Initialized (Raw Byte Pipeline)
2026-05-18 14:42:07,223 [dsdoc_0] INFO [TEACHER] ARCHIVING: SRS_2526-sem1-it332-itcs-01 (mime=application/vnd.google-apps.document, native=True)
2026-05-18 14:42:11,738 [dsdoc_1] WARNING    [API] get_media failed for Document: <HttpError 403 when requesting https://www.googleapis.com/drive/v3/files/1VuQvGNvirGovv75epBNHzX2LPH03W1vUbjRI7n20fVk?su
2026-05-18 14:42:12,198 [Thread-11 (process_request_thread)] INFO ArchivalEngine Master v25 Initialized (Raw Byte Pipeline)
2026-05-18 14:42:12,683 [dsdoc_1] INFO [TEACHER] ARCHIVING: ReadMe_2526-sem1-it332-itcs-01.pdf (mime=application/pdf, native=False)
2026-05-18 14:42:17,198 [Thread-12 (process_request_thread)] INFO ArchivalEngine Master v25 Initialized (Raw Byte Pipeline)
2026-05-18 14:42:22,239 [Thread-13 (process_request_thread)] INFO ArchivalEngine Master v25 Initialized (Raw Byte Pipeline)
2026-05-18 14:42:27,316 [Thread-14 (process_request_thread)] INFO ArchivalEngine Master v25 Initialized (Raw Byte Pipeline)
2026-05-18 14:42:32,001 [Thread-15 (process_request_thread)] INFO ArchivalEngine Master v25 Initialized (Raw Byte Pipeline)
2026-05-18 14:42:37,166 [Thread-16 (process_request_thread)] INFO ArchivalEngine Master v25 Initialized (Raw Byte Pipeline)
2026-05-18 14:42:42,008 [Thread-17 (process_request_thread)] INFO ArchivalEngine Master v25 Initialized (Raw Byte Pipeline)
2026-05-18 14:42:47,105 [Thread-18 (process_request_thread)] INFO ArchivalEngine Master v25 Initialized (Raw Byte Pipeline)
2026-05-18 14:42:52,220 [Thread-19 (process_request_thread)] INFO ArchivalEngine Master v25 Initialized (Raw Byte Pipeline)
2026-05-18 14:42:57,100 [Thread-20 (process_request_thread)] INFO ArchivalEngine Master v25 Initialized (Raw Byte Pipeline)
2026-05-18 14:43:02,047 [Thread-21 (process_request_thread)] INFO ArchivalEngine Master v25 Initialized (Raw Byte Pipeline)
2026-05-18 14:43:06,873 [dsdoc_2] INFO [TEACHER] ARCHIVING: Document (mime=unknown, native=False)
2026-05-18 14:43:06,873 [dsdoc_3] INFO [TEACHER] ARCHIVING: Document (mime=unknown, native=False)
2026-05-18 14:43:06,934 [Thread-22 (process_request_thread)] INFO ArchivalEngine Master v25 Initialized (Raw Byte Pipeline)
2026-05-18 14:43:10,648 [dsdoc_2] WARNING    [API] get_media failed for Document: <HttpError 403 when requesting https://www.googleapis.com/drive/v3/files/1qnqpKoetqPqkorOpAoKJppZ4Y8Mq71un3JZUQpbDXnQ?su
2026-05-18 14:43:12,191 [Thread-23 (process_request_thread)] INFO ArchivalEngine Master v25 Initialized (Raw Byte Pipeline)
2026-05-18 14:43:16,998 [Thread-24 (process_request_thread)] INFO ArchivalEngine Master v25 Initialized (Raw Byte Pipeline)
2026-05-18 14:43:22,704 [Thread-8 (process_task)] INFO    [PARALLEL] processed 11 doc slot(s) in 78.2s
2026-05-18 14:43:22,706 [Thread-8 (process_task)] WARNING    [V-BUMP] total_changed=3, changed_docs=['srs', 'std', 'readme'], backfilled=0 -- creating v1
2026-05-18 14:43:26,560 [Thread-25 (process_request_thread)] INFO ArchivalEngine Master v25 Initialized (Raw Byte Pipeline)
2026-05-18 14:43:29,392 [Thread-26 (process_request_thread)] INFO ArchivalEngine Master v25 Initialized (Raw Byte Pipeline)
2026-05-18 14:52:49,101 [Thread-28 (process_request_thread)] INFO ArchivalEngine Master v25 Initialized (Raw Byte Pipeline)
2026-05-18 14:52:52,997 [Thread-30 (process_request_thread)] INFO ArchivalEngine Master v25 Initialized (Raw Byte Pipeline)
2026-05-18 14:52:58,021 [Thread-40 (process_request_thread)] INFO ArchivalEngine Master v25 Initialized (Raw Byte Pipeline)
2026-05-18 14:53:01,809 [Thread-42 (process_request_thread)] INFO ArchivalEngine Master v25 Initialized (Raw Byte Pipeline)
2026-05-18 14:53:06,368 [Thread-43 (process_request_thread)] INFO ArchivalEngine Master v25 Initialized (Raw Byte Pipeline)
2026-05-18 14:53:09,897 [Thread-44 (process_request_thread)] INFO ArchivalEngine Master v25 Initialized (Raw Byte Pipeline)
2026-05-18 14:53:10,323 [Thread-45 (process_request_thread)] INFO ArchivalEngine Master v25 Initialized (Raw Byte Pipeline)
2026-05-18 14:53:12,226 [Thread-46 (process_request_thread)] INFO ArchivalEngine Master v25 Initialized (Raw Byte Pipeline)
2026-05-18 14:53:23,197 [Thread-47 (process_request_thread)] INFO ArchivalEngine Master v25 Initialized (Raw Byte Pipeline)
2026-05-18 14:53:24,748 [Thread-48 (process_task)] INFO ArchivalEngine Master v25 Initialized (Raw Byte Pipeline)
2026-05-18 14:53:24,769 [Thread-48 (process_task)] INFO    [FAST-PATH] No prior record for 2425-sem2-it332-g1/g2/g3/g4/g5/g6-01@csit_docs; skipping all dedup tiers (v1 cold archive).
2026-05-18 14:53:25,561 [Thread-49 (process_request_thread)] INFO ArchivalEngine Master v25 Initialized (Raw Byte Pipeline)
2026-05-18 14:53:26,177 [dsdoc_1] INFO [TEACHER] ARCHIVING: Document (mime=unknown, native=False)
2026-05-18 14:53:26,183 [dsdoc_2] INFO [TEACHER] ARCHIVING: Document (mime=unknown, native=False)
2026-05-18 14:53:26,183 [dsdoc_3] WARNING    [LIST] failed for folder 1OkzUuSGQoodin50sNtt497zICtmqRtGX: [SSL: WRONG_VERSION_NUMBER] wrong version number (_ssl.c:2580)
2026-05-18 14:53:26,987 [dsdoc_0] INFO [TEACHER] ARCHIVING: Document (mime=unknown, native=False)
2026-05-18 14:53:26,987 [dsdoc_3] INFO [TEACHER] ARCHIVING: Document (mime=unknown, native=False)
2026-05-18 14:53:28,429 [Thread-50 (process_request_thread)] INFO ArchivalEngine Master v25 Initialized (Raw Byte Pipeline)
2026-05-18 14:53:31,651 [dsdoc_2] WARNING    [API] get_media failed for Document: [SSL: WRONG_VERSION_NUMBER] wrong version number (_ssl.c:2580)
2026-05-18 14:53:31,651 [dsdoc_0] WARNING    [API] get_media failed for Document: [SSL: WRONG_VERSION_NUMBER] wrong version number (_ssl.c:2580)
2026-05-18 14:53:33,072 [Thread-51 (process_request_thread)] INFO ArchivalEngine Master v25 Initialized (Raw Byte Pipeline)
2026-05-18 14:53:38,212 [Thread-52 (process_request_thread)] INFO ArchivalEngine Master v25 Initialized (Raw Byte Pipeline)
2026-05-18 14:53:50,349 [Thread-53 (process_request_thread)] INFO ArchivalEngine Master v25 Initialized (Raw Byte Pipeline)
2026-05-18 14:53:54,542 [Thread-54 (process_request_thread)] INFO ArchivalEngine Master v25 Initialized (Raw Byte Pipeline)
2026-05-18 14:53:57,713 [Thread-55 (process_request_thread)] INFO ArchivalEngine Master v25 Initialized (Raw Byte Pipeline)
2026-05-18 14:54:00,692 [Thread-56 (process_request_thread)] INFO ArchivalEngine Master v25 Initialized (Raw Byte Pipeline)
2026-05-18 14:54:03,656 [Thread-57 (process_request_thread)] INFO ArchivalEngine Master v25 Initialized (Raw Byte Pipeline)
2026-05-18 14:54:08,266 [Thread-58 (process_request_thread)] INFO ArchivalEngine Master v25 Initialized (Raw Byte Pipeline)
2026-05-18 14:54:13,556 [Thread-59 (process_request_thread)] INFO ArchivalEngine Master v25 Initialized (Raw Byte Pipeline)
2026-05-18 14:54:18,611 [Thread-60 (process_request_thread)] INFO ArchivalEngine Master v25 Initialized (Raw Byte Pipeline)
2026-05-18 14:54:23,433 [Thread-61 (process_request_thread)] INFO ArchivalEngine Master v25 Initialized (Raw Byte Pipeline)
2026-05-18 14:54:28,522 [Thread-62 (process_request_thread)] INFO ArchivalEngine Master v25 Initialized (Raw Byte Pipeline)
2026-05-18 14:54:31,569 [dsdoc_1] WARNING    [API] get_media failed for Document: The read operation timed out
2026-05-18 14:54:31,571 [Thread-48 (process_task)] INFO    [PARALLEL] processed 11 doc slot(s) in 66.8s
2026-05-18 14:54:31,571 [Thread-48 (process_task)] WARNING    [V-BUMP] total_changed=1, changed_docs=['readme'], backfilled=0 -- creating v1
2026-05-18 14:54:33,213 [Thread-48 (process_task)] INFO ArchivalEngine Master v25 Initialized (Raw Byte Pipeline)
2026-05-18 14:54:33,253 [Thread-48 (process_task)] INFO    [FAST-PATH] No prior record for 2425-sem2-it332-g1/g2/g3/g4/g5/g6-02@csit_docs; skipping all dedup tiers (v1 cold archive).
2026-05-18 14:54:33,633 [Thread-63 (process_request_thread)] INFO ArchivalEngine Master v25 Initialized (Raw Byte Pipeline)
2026-05-18 14:54:35,248 [dsdoc_1] INFO [TEACHER] ARCHIVING: Document (mime=unknown, native=True)
2026-05-18 14:54:35,250 [dsdoc_3] INFO [TEACHER] ARCHIVING: SPMP_2425-sem2-it332-g1g2g3g4g5g6-02.docx (mime=application/vnd.openxmlformats-officedocument.wordprocessingml.document, native=True)
2026-05-18 14:54:40,919 [dsdoc_0] INFO [TEACHER] ARCHIVING: SRS_2425-sem2-it332-g1g2g3g4g5g6-02.docx (mime=application/vnd.openxmlformats-officedocument.wordprocessingml.document, native=True)
2026-05-18 14:55:17,939 [MainThread] INFO === archive_debug.log file handler attached at C:\Users\pinup\Desktop\Capstone 2\System\DriveSafe\backend\archive_debug.log ===
2026-05-18 14:55:21,694 [MainThread] INFO === archive_debug.log file handler attached at C:\Users\pinup\Desktop\Capstone 2\System\DriveSafe\backend\archive_debug.log ===
2026-05-18 14:55:23,220 [Thread-2 (process_request_thread)] INFO ArchivalEngine Master v25 Initialized (Raw Byte Pipeline)
2026-05-18 15:06:09,107 [Thread-3 (process_request_thread)] INFO ArchivalEngine Master v25 Initialized (Raw Byte Pipeline)
2026-05-18 15:06:11,447 [Thread-4 (process_request_thread)] INFO ArchivalEngine Master v25 Initialized (Raw Byte Pipeline)
